Warning: This file was stripped when it was compiled.
You may need to edit it manually.
Exception in thread "main" java.lang.ArrayIndexOutOfBoundsException: Index 1 out of bounds for length 1
	at unluac.decompile.VariableFinder$RegisterStates.get(VariableFinder.java:54)
	at unluac.decompile.VariableFinder$RegisterStates.setWritten(VariableFinder.java:62)
	at unluac.decompile.VariableFinder.process(VariableFinder.java:302)
	at unluac.decompile.VariableFinder.process(VariableFinder.java:127)
	at unluac.decompile.Decompiler.<init>(Decompiler.java:82)
	at unluac.decompile.expression.ClosureExpression.print(ClosureExpression.java:65)
	at unluac.decompile.expression.Expression.printSequence(Expression.java:110)
	at unluac.decompile.expression.FunctionCall.print(FunctionCall.java:100)
	at unluac.decompile.statement.FunctionCallStatement.print(FunctionCallStatement.java:24)
	at unluac.decompile.statement.Statement.printSequence(Statement.java:27)
	at unluac.decompile.block.ElseEndBlock.print(ElseEndBlock.java:60)
	at unluac.decompile.statement.Statement.printSequence(Statement.java:27)
	at unluac.decompile.block.IfThenElseBlock.print(IfThenElseBlock.java:93)
	at unluac.decompile.statement.Statement.printSequence(Statement.java:27)
	at unluac.decompile.block.OnceLoop.print(OnceLoop.java:39)
	at unluac.decompile.statement.Statement.printTail(Statement.java:38)
	at unluac.decompile.statement.Statement.printSequence(Statement.java:25)
	at unluac.decompile.block.OuterBlock.print(OuterBlock.java:46)
	at unluac.decompile.Decompiler.print(Decompiler.java:142)
	at unluac.decompile.expression.ClosureExpression.printMain(ClosureExpression.java:104)
	at unluac.decompile.expression.ClosureExpression.printClosure(ClosureExpression.java:79)
	at unluac.decompile.statement.Assignment.print(Assignment.java:232)
	at unluac.decompile.statement.Statement.printSequence(Statement.java:27)
	at unluac.decompile.block.OuterBlock.print(OuterBlock.java:46)
	at unluac.decompile.Decompiler.print(Decompiler.java:142)
	at unluac.Main.main(Main.java:80)
